run started 2026-09-22T20:36:40Z; corpus /home/user/ThreadSmith/Language/results/L82 Corpus - sixteen reported arguments; out /home/user/ThreadSmith/Language/results/L82 Arm B outputs; texts: 16
step 1: translations 20:36:40
translations took 13989 s
valid ledgers: 32
step 2: drivers 00:29:49
drivers took 80 s
step 3: consequences_2 00:31:09
consequences took 301 s
rig (drivers and consequences) took 381 s
step 4: sameness_2 and counts 00:36:10
ledger_B01_atria: 16 lines; said 14, filled in 2, usual case 0; TOLD 12, SUPPOSED 0; worlds: note_world; bin entries 6; sentences 4
ledger_B01_mimo: 20 lines; said 18, filled in 2, usual case 0; TOLD 11, SUPPOSED 0; worlds: note_world, shepherd_world; bin entries 5; sentences 4
ledger_B02_atria: 25 lines; said 23, filled in 0, usual case 2; TOLD 0, SUPPOSED 0; worlds: (none); bin entries 3; sentences 5
ledger_B02_mimo: 27 lines; said 23, filled in 4, usual case 0; TOLD 6, SUPPOSED 0; worlds: notebook_world; bin entries 9; sentences 5
ledger_B03_atria: 20 lines; said 20, filled in 0, usual case 0; TOLD 8, SUPPOSED 0; worlds: clerk_world, log_world; bin entries 10; sentences 5
ledger_B03_mimo: 25 lines; said 22, filled in 3, usual case 0; TOLD 10, SUPPOSED 0; worlds: count_world, log_world; bin entries 13; sentences 5
ledger_B04_atria: 18 lines; said 15, filled in 3, usual case 0; TOLD 13, SUPPOSED 0; worlds: notes_world; bin entries 6; sentences 4
ledger_B04_mimo: 22 lines; said 19, filled in 3, usual case 0; TOLD 16, SUPPOSED 0; worlds: notes_world; bin entries 6; sentences 4
ledger_B05_atria: 17 lines; said 17, filled in 0, usual case 0; TOLD 10, SUPPOSED 0; worlds: meeting; bin entries 9; sentences 5
ledger_B05_mimo: 19 lines; said 19, filled in 0, usual case 0; TOLD 12, SUPPOSED 0; worlds: minutes_world; bin entries 9; sentences 5
ledger_B06_atria: 24 lines; said 23, filled in 1, usual case 0; TOLD 11, SUPPOSED 0; worlds: clerk_note, harbourmaster_world; bin entries 9; sentences 5
ledger_B06_mimo: 27 lines; said 25, filled in 2, usual case 0; TOLD 11, SUPPOSED 0; worlds: clerk_count, log_world; bin entries 15; sentences 5
ledger_B07_atria: 18 lines; said 18, filled in 0, usual case 0; TOLD 14, SUPPOSED 0; worlds: shopkeeper_world; bin entries 8; sentences 5
ledger_B07_mimo: 22 lines; said 19, filled in 3, usual case 0; TOLD 13, SUPPOSED 0; worlds: telling; bin entries 3; sentences 5
ledger_B08_atria: 14 lines; said 13, filled in 0, usual case 1; TOLD 9, SUPPOSED 0; worlds: note_world; bin entries 6; sentences 4
ledger_B08_mimo: 19 lines; said 18, filled in 1, usual case 0; TOLD 10, SUPPOSED 0; worlds: note_world, shepherd_world; bin entries 5; sentences 4
ledger_B09_atria: 19 lines; said 15, filled in 0, usual case 4; TOLD 10, SUPPOSED 0; worlds: notes_world; bin entries 7; sentences 4
ledger_B09_mimo: 15 lines; said 14, filled in 1, usual case 0; TOLD 6, SUPPOSED 0; worlds: notes_world; bin entries 10; sentences 4
ledger_B10_atria: 26 lines; said 26, filled in 0, usual case 0; TOLD 14, SUPPOSED 0; worlds: headteacher_world, minutes_world; bin entries 8; sentences 5
ledger_B10_mimo: 26 lines; said 21, filled in 5, usual case 0; TOLD 18, SUPPOSED 0; worlds: head_teacher_says, minutes_note; bin entries 7; sentences 5
ledger_B11_atria: 19 lines; said 19, filled in 0, usual case 0; TOLD 8, SUPPOSED 0; worlds: clerk_world, log_world; bin entries 10; sentences 5
ledger_B11_mimo: 21 lines; said 18, filled in 3, usual case 0; TOLD 14, SUPPOSED 0; worlds: count_world, log_world; bin entries 11; sentences 5
ledger_B12_atria: 16 lines; said 15, filled in 1, usual case 0; TOLD 10, SUPPOSED 0; worlds: report_world; bin entries 8; sentences 4
ledger_B12_mimo: 17 lines; said 16, filled in 1, usual case 0; TOLD 9, SUPPOSED 0; worlds: report_world; bin entries 5; sentences 4
ledger_B13_atria: 17 lines; said 16, filled in 0, usual case 1; TOLD 0, SUPPOSED 0; worlds: (none); bin entries 6; sentences 4
ledger_B13_mimo: 16 lines; said 16, filled in 0, usual case 0; TOLD 0, SUPPOSED 0; worlds: (none); bin entries 6; sentences 4
ledger_B14_atria: 11 lines; said 11, filled in 0, usual case 0; TOLD 6, SUPPOSED 0; worlds: notes_world; bin entries 6; sentences 4
ledger_B14_mimo: 10 lines; said 10, filled in 0, usual case 0; TOLD 4, SUPPOSED 0; worlds: notes_world; bin entries 4; sentences 4
ledger_B15_atria: 16 lines; said 16, filled in 0, usual case 0; TOLD 10, SUPPOSED 0; worlds: report_world; bin entries 8; sentences 4
ledger_B15_mimo: 15 lines; said 15, filled in 0, usual case 0; TOLD 10, SUPPOSED 0; worlds: report_world; bin entries 8; sentences 4
ledger_B16_atria: 15 lines; said 15, filled in 0, usual case 0; TOLD 9, SUPPOSED 0; worlds: note_world, shepherd_world; bin entries 7; sentences 4
ledger_B16_mimo: 18 lines; said 17, filled in 1, usual case 0; TOLD 9, SUPPOSED 0; worlds: note_world, shepherd_world; bin entries 5; sentences 4
step 5: the blind reader 00:36:11
reader: 64 reports, 64 calls, 0 failed, 0 skipped
reader took 907 s
step 6: the prose reader 00:51:18
prose reader: 32 calls, 0 failed, 0 skipped
prose reader took 1914 s
step 7: manifest
1198 files hashed
done 01:23:12
