FC01 HOLDS ON ALL MODELS TRIED (7.1 s)
FC02 HOLDS ON ALL MODELS TRIED (8.9 s)
FC2.new1 HOLDS ON ALL MODELS TRIED (16.6 s)
FC03 HOLDS ON ALL MODELS TRIED (6.4 s)
FC04 HOLDS ON ALL MODELS TRIED (5.7 s)
FC4.new1 HOLDS ON ALL MODELS TRIED (14.4 s)
FC05 HOLDS ON ALL MODELS TRIED (6.0 s)
FC06 HOLDS ON ALL MODELS TRIED (3.3 s)
FC07 HOLDS ON ALL MODELS TRIED (2.8 s)
FC08 HOLDS ON ALL MODELS TRIED (2.2 s)
FC09 HOLDS ON ALL MODELS TRIED (0.0 s)
FC10 HOLDS ON ALL MODELS TRIED (2.3 s)
FC11 HOLDS ON ALL MODELS TRIED (2.5 s)
FC12 HOLDS ON ALL MODELS TRIED (4.5 s)
FC12.new1 HOLDS ON ALL MODELS TRIED (21.9 s)
FC12.new2 HOLDS ON ALL MODELS TRIED (0.1 s)
FC12.new3 HOLDS ON ALL MODELS TRIED (0.0 s)
FC13 HOLDS ON ALL MODELS TRIED (7.8 s)
FC13.new1 HOLDS ON ALL MODELS TRIED (0.0 s)
FC14 HOLDS ON ALL MODELS TRIED (0.0 s)
FC15 HOLDS ON ALL MODELS TRIED (4.9 s)
FC16 HOLDS ON ALL MODELS TRIED (5.7 s)
FC17 HOLDS ON ALL MODELS TRIED (5.1 s)
FC18 HOLDS ON ALL MODELS TRIED (6.1 s)
FC19 HOLDS ON ALL MODELS TRIED (2.3 s)
FC20 HOLDS ON ALL MODELS TRIED (49.2 s)
FC21 HOLDS ON ALL MODELS TRIED (17.9 s)
FC22 HOLDS ON ALL MODELS TRIED (7.6 s)
FC23 COUNTEREXAMPLE FOUND (13.6 s)
FC23.new1 HOLDS ON ALL MODELS TRIED (179.6 s)
FC23.new2 HOLDS ON ALL MODELS TRIED (0.0 s)
FC23.new3 HOLDS ON ALL MODELS TRIED (21.8 s)
FC23.new4 HOLDS ON ALL MODELS TRIED (24.3 s)
FC23.new5 HOLDS ON ALL MODELS TRIED (0.7 s)
FC24 HOLDS ON ALL MODELS TRIED (9.4 s)
FC25 HOLDS ON ALL MODELS TRIED (26.3 s)
FC25.new1 HOLDS ON ALL MODELS TRIED (8.8 s)
FC25.new2 HOLDS ON ALL MODELS TRIED (20.0 s)
FC26 HOLDS ON ALL MODELS TRIED (0.9 s)
FC27 HOLDS ON ALL MODELS TRIED (0.4 s)
FC27.new1 HOLDS ON ALL MODELS TRIED (12.8 s)
FC28 HOLDS ON ALL MODELS TRIED (0.7 s)
FC28.new1 HOLDS ON ALL MODELS TRIED (0.0 s)
FC28.new2 HOLDS ON ALL MODELS TRIED (0.0 s)
FC29 HOLDS ON ALL MODELS TRIED (9.1 s)
FC30 HOLDS ON ALL MODELS TRIED (0.0 s)
FC30.new1 HOLDS ON ALL MODELS TRIED (15.4 s)
FC31 NOT TESTED (0.0 s)
FC32 HOLDS ON ALL MODELS TRIED (0.0 s)
FC32.new1 HOLDS ON ALL MODELS TRIED (0.0 s)
FC33 HOLDS ON ALL MODELS TRIED (18.7 s)
FC34 HOLDS ON ALL MODELS TRIED (9.8 s)
FC35 NOT TESTED (0.0 s)
FC36 HOLDS ON ALL MODELS TRIED (0.0 s)
FC37 HOLDS ON ALL MODELS TRIED (22.5 s)
FC38 HOLDS ON ALL MODELS TRIED (0.0 s)
FC39 HOLDS ON ALL MODELS TRIED (0.0 s)
FC40 HOLDS ON ALL MODELS TRIED (9.3 s)
FC41 HOLDS ON ALL MODELS TRIED (2.4 s)
FC42 HOLDS ON ALL MODELS TRIED (0.0 s)
FC42.new1 HOLDS ON ALL MODELS TRIED (17.0 s)
FC43 HOLDS ON ALL MODELS TRIED (45.2 s)
FC44 HOLDS ON ALL MODELS TRIED (2.7 s)
FC45 HOLDS ON ALL MODELS TRIED (15.9 s)
FC46 HOLDS ON ALL MODELS TRIED (10.6 s)
FC47 HOLDS ON ALL MODELS TRIED (11.1 s)
FC47.new1 HOLDS ON ALL MODELS TRIED (0.1 s)
FC48 HOLDS ON ALL MODELS TRIED (5.2 s)
FC49 HOLDS ON ALL MODELS TRIED (6.7 s)
FC50 HOLDS ON ALL MODELS TRIED (5.5 s)
FC51 HOLDS ON ALL MODELS TRIED (27.8 s)
FC52 HOLDS ON ALL MODELS TRIED (8.4 s)
FC53 HOLDS ON ALL MODELS TRIED (0.0 s)
FC54 HOLDS ON ALL MODELS TRIED (5.9 s)
FC55 HOLDS ON ALL MODELS TRIED (0.0 s)
FC56 HOLDS ON ALL MODELS TRIED (90.2 s)
FC57 HOLDS ON ALL MODELS TRIED (0.2 s)
FC58 HOLDS ON ALL MODELS TRIED (6.1 s)
FC59 HOLDS ON ALL MODELS TRIED (0.0 s)
FC60 HOLDS ON ALL MODELS TRIED (0.0 s)
FC61 HOLDS ON ALL MODELS TRIED (0.0 s)
FC62 HOLDS ON ALL MODELS TRIED (0.0 s)
FC63 COUNTEREXAMPLE FOUND (32.0 s)
FC64 HOLDS ON ALL MODELS TRIED (1.9 s)
FC65 HOLDS ON ALL MODELS TRIED (2.5 s)
FC66 HOLDS ON ALL MODELS TRIED (31.0 s)
FC67 HOLDS ON ALL MODELS TRIED (6.1 s)
FC68 HOLDS ON ALL MODELS TRIED (8.2 s)
FC69 HOLDS ON ALL MODELS TRIED (0.0 s)
FC70 HOLDS ON ALL MODELS TRIED (27.5 s)
FC71 HOLDS ON ALL MODELS TRIED (1.1 s)
FC72 HOLDS ON ALL MODELS TRIED (0.0 s)
FC72.new1 HOLDS ON ALL MODELS TRIED (0.1 s)
FC72.new2 HOLDS ON ALL MODELS TRIED (0.1 s)
FC73 HOLDS ON ALL MODELS TRIED (0.0 s)
FC74 HOLDS ON ALL MODELS TRIED (0.6 s)
FC75 COUNTEREXAMPLE FOUND (0.0 s)
FC76 HOLDS ON ALL MODELS TRIED (0.0 s)
FC77 HOLDS ON ALL MODELS TRIED (7.6 s)
FC78 HOLDS ON ALL MODELS TRIED (0.0 s)
FC79 HOLDS ON ALL MODELS TRIED (0.0 s)
FC80 HOLDS ON ALL MODELS TRIED (10.9 s)
FC80.new1 HOLDS ON ALL MODELS TRIED (6.1 s)
FC81 HOLDS ON ALL MODELS TRIED (0.0 s)
FC82 HOLDS ON ALL MODELS TRIED (0.0 s)
FC83 HOLDS ON ALL MODELS TRIED (0.1 s)
FC84 HOLDS ON ALL MODELS TRIED (0.0 s)
FC84.new1 HOLDS ON ALL MODELS TRIED (2.2 s)
FC84.new2 HOLDS ON ALL MODELS TRIED (1.7 s)
FC85 HOLDS ON ALL MODELS TRIED (7.8 s)
FC86 HOLDS ON ALL MODELS TRIED (0.0 s)
FC87 HOLDS ON ALL MODELS TRIED (0.0 s)
FC88 HOLDS ON ALL MODELS TRIED (0.0 s)
FC89 NOT TESTED (0.0 s)
FC90 HOLDS ON ALL MODELS TRIED (0.0 s)
FC90.new1 HOLDS ON ALL MODELS TRIED (0.9 s)
FC91 HOLDS ON ALL MODELS TRIED (0.4 s)
FC92 HOLDS ON ALL MODELS TRIED (4.9 s)
FC93 HOLDS ON ALL MODELS TRIED (1.2 s)
FC94 NOT TESTED (0.0 s)
FC95 HOLDS ON ALL MODELS TRIED (0.0 s)
FC96 HOLDS ON ALL MODELS TRIED (7.8 s)
FC97 HOLDS ON ALL MODELS TRIED (0.2 s)
FC97.new1 HOLDS ON ALL MODELS TRIED (0.0 s)
FC98 HOLDS ON ALL MODELS TRIED (0.0 s)
FC98.new1 HOLDS ON ALL MODELS TRIED (0.8 s)
FC98.new2 HOLDS ON ALL MODELS TRIED (9.5 s)
FC99 HOLDS ON ALL MODELS TRIED (0.6 s)
FC100 HOLDS ON ALL MODELS TRIED (10.7 s)
FC101 HOLDS ON ALL MODELS TRIED (0.0 s)
FC102 HOLDS ON ALL MODELS TRIED (0.1 s)
FC102.new1 HOLDS ON ALL MODELS TRIED (46.7 s)
FC103 HOLDS ON ALL MODELS TRIED (0.0 s)
FC103.new1 HOLDS ON ALL MODELS TRIED (43.4 s)
FC104 NOT TESTED (0.0 s)
FC104.new1 HOLDS ON ALL MODELS TRIED (0.0 s)
FC105 NOT TESTED (0.0 s)
FC106 HOLDS ON ALL MODELS TRIED (4.8 s)
FC107 HOLDS ON ALL MODELS TRIED (0.0 s)
FC108 HOLDS ON ALL MODELS TRIED (0.0 s)
FC109 HOLDS ON ALL MODELS TRIED (5.6 s)
FC110 NOT TESTED (0.0 s)
total 1161.8 s
